src/components/MealDiary.tsx(190,50): error TS1127: Invalid character.
src/components/MealDiary.tsx(190,118): error TS1381: Unexpected token. Did you mean `{'}'}` or `&rbrace;`?
src/components/MealDiary.tsx(190,119): error TS1382: Unexpected token. Did you mean `{'>'}` or `&gt;`?
src/components/MealDiary.tsx(192,35): error TS17002: Expected corresponding JSX closing tag for 'div'.
src/components/MealDiary.tsx(193,31): error TS1381: Unexpected token. Did you mean `{'}'}` or `&rbrace;`?
src/components/MealDiary.tsx(206,25): error TS17002: Expected corresponding JSX closing tag for 'li'.
src/components/MealDiary.tsx(207,21): error TS1005: ')' expected.
src/components/MealDiary.tsx(207,23): error TS17002: Expected corresponding JSX closing tag for 'ul'.
src/components/MealDiary.tsx(208,20): error TS1005: '}' expected.
src/components/MealDiary.tsx(208,21): error TS1381: Unexpected token. Did you mean `{'}'}` or `&rbrace;`?
src/components/MealDiary.tsx(209,19): error TS17002: Expected corresponding JSX closing tag for 'section'.
src/components/MealDiary.tsx(211,13): error TS1005: ',' expected.
src/components/MealDiary.tsx(211,15): error TS17002: Expected corresponding JSX closing tag for 'div'.
src/components/MealDiary.tsx(213,9): error TS1381: Unexpected token. Did you mean `{'}'}` or `&rbrace;`?
src/components/MealDiary.tsx(213,11): error TS1381: Unexpected token. Did you mean `{'}'}` or `&rbrace;`?
src/components/MealDiary.tsx(216,7): error TS1005: ')' expected.
src/components/MealDiary.tsx(249,52): error TS1127: Invalid character.
src/components/MealDiary.tsx(249,121): error TS1381: Unexpected token. Did you mean `{'}'}` or `&rbrace;`?
src/components/MealDiary.tsx(263,65): error TS1127: Invalid character.
src/components/MealDiary.tsx(263,112): error TS1381: Unexpected token. Did you mean `{'}'}` or `&rbrace;`?
src/components/MealDiary.tsx(307,40): error TS1127: Invalid character.
src/components/MealDiary.tsx(307,300): error TS1381: Unexpected token. Did you mean `{'}'}` or `&rbrace;`?
src/components/MealDiary.tsx(307,301): error TS1382: Unexpected token. Did you mean `{'>'}` or `&gt;`?
src/components/MealDiary.tsx(309,25): error TS17002: Expected corresponding JSX closing tag for 'div'.
src/components/MealDiary.tsx(310,21): error TS1005: ')' expected.
src/components/MealDiary.tsx(311,20): error TS1005: ':' expected.
src/components/MealDiary.tsx(334,137): error TS1127: Invalid character.
src/components/MealDiary.tsx(334,169): error TS1381: Unexpected token. Did you mean `{'}'}` or `&rbrace;`?
src/components/MealDiary.tsx(349,16): error TS1381: Unexpected token. Did you mean `{'}'}` or `&rbrace;`?
src/components/MealDiary.tsx(362,9): error TS1005: ')' expected.
src/components/MealDiary.tsx(363,7): error TS1109: Expression expected.
src/components/MealDiary.tsx(364,5): error TS1128: Declaration or statement expected.
src/components/MealDiary.tsx(365,3): error TS1109: Expression expected.
